// Jest Snapshot v1, https://goo.gl/fbAQLP

exports[`With Snapshot Testing IndexPage shows "Cards Exporter" 1`] = `
<div>
  <ul
    className="nav nav-tabs"
  >
    <li
      className="nav-item"
    >
      <a
        className="nav-link"
        href="/api/date"
        onClick={[Function]}
      >
        Date
      </a>
    </li>
    <li
      className="nav-item"
    >
      <a
        className="nav-link"
        href="/api/cards/list"
        onClick={[Function]}
      >
        Cards
      </a>
    </li>
    <li
      className="nav-item"
    >
      <a
        className="nav-link"
        href="/api/cards/deck"
        onClick={[Function]}
      >
        Deck
      </a>
    </li>
    <li
      className="nav-item"
    >
      <a
        className="nav-link"
        href="/api/cards/update"
        onClick={[Function]}
      >
        Last update
      </a>
    </li>
    <li
      className="nav-item"
    >
      <a
        className="nav-link"
        href="/api/cards/tags"
        onClick={[Function]}
      >
        Tags
      </a>
    </li>
    <li
      className="nav-item"
    >
      <a
        className="nav-link"
        href="/filterCards"
        onClick={[Function]}
      >
        Filter cards
      </a>
    </li>
    <li
      className="nav-item"
    >
      <a
        className="nav-link"
        href="/createCard"
        onClick={[Function]}
      >
        Create cards
      </a>
    </li>
    <li
      className="nav-item"
    >
      <a
        className="nav-link"
        href="/updateCards"
        onClick={[Function]}
      >
        Update cards
      </a>
    </li>
  </ul>
  <h1>
    Cards Exporter
  </h1>
</div>
`;
