// Jest Snapshot v1, https://goo.gl/fbAQLP

exports[`With Snapshot Testing IndexPage shows "Cards Exporter" 1`] = `
<div>
  <h1>
    Cards Exporter
  </h1>
  <h3>
    Pages:
  </h3>
  <ul>
    <li>
      <a
        href="/api/date"
      >
        Date info
      </a>
    </li>
    <li>
      <a
        href="/api/cards/list"
      >
        Cards info
      </a>
    </li>
    <li>
      <a
        href="/api/cards/deck"
      >
        Deck info
      </a>
    </li>
    <li>
      <a
        href="/api/cards/update"
      >
        Last update info
      </a>
    </li>
    <li>
      <a
        href="/api/cards/tags"
      >
        Tags info
      </a>
    </li>
    <li>
      <a
        href="/filterCards"
      >
        Filter cards page
      </a>
    </li>
    <li>
      <a
        href="/updateCards"
      >
        Update cards page
      </a>
    </li>
  </ul>
</div>
`;
